Archive member included because of file (symbol)

/usr/local/Cellar/pebble-sdk/3.4/Pebble/aplite/lib/libpebble.a(tmpDuxwpQpebble.o)
                              src/pebble-faces.c.10.o (accel_tap_service_subscribe)

Discarded input sections

 .text          0x0000000000000000        0x0 /usr/local/Cellar/pebble-toolchain/2.0/arm-cs-tools/bin/../lib/gcc/arm-none-eabi/4.7.2/thumb2/crti.o
 .bss           0x0000000000000000        0x0 /usr/local/Cellar/pebble-toolchain/2.0/arm-cs-tools/bin/../lib/gcc/arm-none-eabi/4.7.2/thumb2/crti.o
 .init          0x0000000000000000        0x4 /usr/local/Cellar/pebble-toolchain/2.0/arm-cs-tools/bin/../lib/gcc/arm-none-eabi/4.7.2/thumb2/crti.o
 .fini          0x0000000000000000        0x4 /usr/local/Cellar/pebble-toolchain/2.0/arm-cs-tools/bin/../lib/gcc/arm-none-eabi/4.7.2/thumb2/crti.o
 .text          0x0000000000000000       0xc8 /usr/local/Cellar/pebble-toolchain/2.0/arm-cs-tools/bin/../lib/gcc/arm-none-eabi/4.7.2/thumb2/crtbegin.o
 .bss           0x0000000000000000       0x1c /usr/local/Cellar/pebble-toolchain/2.0/arm-cs-tools/bin/../lib/gcc/arm-none-eabi/4.7.2/thumb2/crtbegin.o
 .init_array    0x0000000000000000        0x4 /usr/local/Cellar/pebble-toolchain/2.0/arm-cs-tools/bin/../lib/gcc/arm-none-eabi/4.7.2/thumb2/crtbegin.o
 .fini_array    0x0000000000000000        0x4 /usr/local/Cellar/pebble-toolchain/2.0/arm-cs-tools/bin/../lib/gcc/arm-none-eabi/4.7.2/thumb2/crtbegin.o
 .eh_frame      0x0000000000000000        0x0 /usr/local/Cellar/pebble-toolchain/2.0/arm-cs-tools/bin/../lib/gcc/arm-none-eabi/4.7.2/thumb2/crtbegin.o
 .jcr           0x0000000000000000        0x0 /usr/local/Cellar/pebble-toolchain/2.0/arm-cs-tools/bin/../lib/gcc/arm-none-eabi/4.7.2/thumb2/crtbegin.o
 .tm_clone_table
                0x0000000000000000        0x0 /usr/local/Cellar/pebble-toolchain/2.0/arm-cs-tools/bin/../lib/gcc/arm-none-eabi/4.7.2/thumb2/crtbegin.o
 .text          0x0000000000000000        0x0 src/netdownload.c.10.o
 .bss           0x0000000000000000        0x0 src/netdownload.c.10.o
 .text          0x0000000000000000        0x0 src/pebble-faces.c.10.o
 .bss           0x0000000000000000        0x0 src/pebble-faces.c.10.o
 .text          0x0000000000000000        0x0 src/png.c.10.o
 .bss           0x0000000000000000        0x0 src/png.c.10.o
 .text.gbitmap_create_with_png_resource
                0x0000000000000000      0x110 src/png.c.10.o
 .text          0x0000000000000000        0x0 src/upng.c.10.o
 .bss           0x0000000000000000        0x0 src/upng.c.10.o
 .text.upng_get_bitdepth
                0x0000000000000000        0x4 src/upng.c.10.o
 .text.upng_get_pixelsize
                0x0000000000000000       0x14 src/upng.c.10.o
 .text.upng_get_format
                0x0000000000000000        0x4 src/upng.c.10.o
 .text.upng_get_size
                0x0000000000000000        0x4 src/upng.c.10.o
 .text          0x0000000000000000        0x0 aplite/appinfo.auto.c.10.o
 .bss           0x0000000000000000        0x0 aplite/appinfo.auto.c.10.o
 .bss           0x0000000000000000        0x0 /usr/local/Cellar/pebble-sdk/3.4/Pebble/aplite/lib/libpebble.a(tmpDuxwpQpebble.o)
 .text.accel_data_service_subscribe__deprecated
                0x0000000000000000        0xc /usr/local/Cellar/pebble-sdk/3.4/Pebble/aplite/lib/libpebble.a(tmpDuxwpQpebble.o)
 .text.accel_data_service_unsubscribe
                0x0000000000000000        0xc /usr/local/Cellar/pebble-sdk/3.4/Pebble/aplite/lib/libpebble.a(tmpDuxwpQpebble.o)
 .text.accel_service_peek
                0x0000000000000000        0xc /usr/local/Cellar/pebble-sdk/3.4/Pebble/aplite/lib/libpebble.a(tmpDuxwpQpebble.o)
 .text.accel_service_set_samples_per_update
                0x0000000000000000        0xc /usr/local/Cellar/pebble-sdk/3.4/Pebble/aplite/lib/libpebble.a(tmpDuxwpQpebble.o)
 .text.accel_service_set_sampling_rate
                0x0000000000000000        0xc /usr/local/Cellar/pebble-sdk/3.4/Pebble/aplite/lib/libpebble.a(tmpDuxwpQpebble.o)
 .text.accel_tap_service_unsubscribe
                0x0000000000000000        0xc /usr/local/Cellar/pebble-sdk/3.4/Pebble/aplite/lib/libpebble.a(tmpDuxwpQpebble.o)
 .text.action_bar_layer_add_to_window
                0x0000000000000000        0xc /usr/local/Cellar/pebble-sdk/3.4/Pebble/aplite/lib/libpebble.a(tmpDuxwpQpebble.o)
 .text.action_bar_layer_clear_icon
                0x0000000000000000        0xc /usr/local/Cellar/pebble-sdk/3.4/Pebble/aplite/lib/libpebble.a(tmpDuxwpQpebble.o)
 .text.action_bar_layer_create
                0x0000000000000000        0xc /usr/local/Cellar/pebble-sdk/3.4/Pebble/aplite/lib/libpebble.a(tmpDuxwpQpebble.o)
 .text.action_bar_layer_destroy
                0x0000000000000000        0xc /usr/local/Cellar/pebble-sdk/3.4/Pebble/aplite/lib/libpebble.a(tmpDuxwpQpebble.o)
 .text.action_bar_layer_get_layer
                0x0000000000000000        0xc /usr/local/Cellar/pebble-sdk/3.4/Pebble/aplite/lib/libpebble.a(tmpDuxwpQpebble.o)
 .text.action_bar_layer_remove_from_window
                0x0000000000000000        0xc /usr/local/Cellar/pebble-sdk/3.4/Pebble/aplite/lib/libpebble.a(tmpDuxwpQpebble.o)
 .text.action_bar_layer_set_background_color
                0x0000000000000000        0xc /usr/local/Cellar/pebble-sdk/3.4/Pebble/aplite/lib/libpebble.a(tmpDuxwpQpebble.o)
 .text.action_bar_layer_set_click_config_provider
                0x0000000000000000        0xc /usr/local/Cellar/pebble-sdk/3.4/Pebble/aplite/lib/libpebble.a(tmpDuxwpQpebble.o)
 .text.action_bar_layer_set_context
                0x0000000000000000        0xc /usr/local/Cellar/pebble-sdk/3.4/Pebble/aplite/lib/libpebble.a(tmpDuxwpQpebble.o)
 .text.action_bar_layer_set_icon
                0x0000000000000000        0xc /usr/local/Cellar/pebble-sdk/3.4/Pebble/aplite/lib/libpebble.a(tmpDuxwpQpebble.o)
 .text.animation_create
                0x0000000000000000        0xc /usr/local/Cellar/pebble-sdk/3.4/Pebble/aplite/lib/libpebble.a(tmpDuxwpQpebble.o)
 .text.animation_destroy
                0x0000000000000000        0xc /usr/local/Cellar/pebble-sdk/3.4/Pebble/aplite/lib/libpebble.a(tmpDuxwpQpebble.o)
 .text.animation_get_context
                0x0000000000000000        0xc /usr/local/Cellar/pebble-sdk/3.4/Pebble/aplite/lib/libpebble.a(tmpDuxwpQpebble.o)
 .text.animation_is_scheduled
                0x0000000000000000        0xc /usr/local/Cellar/pebble-sdk/3.4/Pebble/aplite/lib/libpebble.a(tmpDuxwpQpebble.o)
 .text.animation_schedule
                0x0000000000000000        0xc /usr/local/Cellar/pebble-sdk/3.4/Pebble/aplite/lib/libpebble.a(tmpDuxwpQpebble.o)
 .text.animation_set_curve
                0x0000000000000000        0xc /usr/local/Cellar/pebble-sdk/3.4/Pebble/aplite/lib/libpebble.a(tmpDuxwpQpebble.o)
 .text.animation_set_delay
                0x0000000000000000        0xc /usr/local/Cellar/pebble-sdk/3.4/Pebble/aplite/lib/libpebble.a(tmpDuxwpQpebble.o)
 .text.animation_set_duration
                0x0000000000000000        0xc /usr/local/Cellar/pebble-sdk/3.4/Pebble/aplite/lib/libpebble.a(tmpDuxwpQpebble.o)
 .text.animation_set_handlers
                0x0000000000000000        0xc /usr/local/Cellar/pebble-sdk/3.4/Pebble/aplite/lib/libpebble.a(tmpDuxwpQpebble.o)
 .text.animation_set_implementation
                0x0000000000000000        0xc /usr/local/Cellar/pebble-sdk/3.4/Pebble/aplite/lib/libpebble.a(tmpDuxwpQpebble.o)
 .text.animation_unschedule
                0x0000000000000000        0xc /usr/local/Cellar/pebble-sdk/3.4/Pebble/aplite/lib/libpebble.a(tmpDuxwpQpebble.o)
 .text.animation_unschedule_all
                0x0000000000000000        0xc /usr/local/Cellar/pebble-sdk/3.4/Pebble/aplite/lib/libpebble.a(tmpDuxwpQpebble.o)
 .text.app_comm_get_sniff_interval
                0x0000000000000000        0xc /usr/local/Cellar/pebble-sdk/3.4/Pebble/aplite/lib/libpebble.a(tmpDuxwpQpebble.o)
 .text.app_comm_set_sniff_interval
                0x0000000000000000        0xc /usr/local/Cellar/pebble-sdk/3.4/Pebble/aplite/lib/libpebble.a(tmpDuxwpQpebble.o)
 .text.app_message_deregister_callbacks
                0x0000000000000000        0xc /usr/local/Cellar/pebble-sdk/3.4/Pebble/aplite/lib/libpebble.a(tmpDuxwpQpebble.o)
 .text.app_sync_deinit
                0x0000000000000000        0xc /usr/local/Cellar/pebble-sdk/3.4/Pebble/aplite/lib/libpebble.a(tmpDuxwpQpebble.o)
 .text.app_sync_get
                0x0000000000000000        0xc /usr/local/Cellar/pebble-sdk/3.4/Pebble/aplite/lib/libpebble.a(tmpDuxwpQpebble.o)
 .text.app_sync_init
                0x0000000000000000        0xc /usr/local/Cellar/pebble-sdk/3.4/Pebble/aplite/lib/libpebble.a(tmpDuxwpQpebble.o)
 .text.app_sync_set
                0x0000000000000000        0xc /usr/local/Cellar/pebble-sdk/3.4/Pebble/aplite/lib/libpebble.a(tmpDuxwpQpebble.o)
 .text.app_timer_cancel
                0x0000000000000000        0xc /usr/local/Cellar/pebble-sdk/3.4/Pebble/aplite/lib/libpebble.a(tmpDuxwpQpebble.o)
 .text.app_timer_register
                0x0000000000000000        0xc /usr/local/Cellar/pebble-sdk/3.4/Pebble/aplite/lib/libpebble.a(tmpDuxwpQpebble.o)
 .text.app_timer_reschedule
                0x0000000000000000        0xc /usr/local/Cellar/pebble-sdk/3.4/Pebble/aplite/lib/libpebble.a(tmpDuxwpQpebble.o)
 .text.atan2_lookup
                0x0000000000000000        0xc /usr/local/Cellar/pebble-sdk/3.4/Pebble/aplite/lib/libpebble.a(tmpDuxwpQpebble.o)
 .text.atoi     0x0000000000000000        0xc /usr/local/Cellar/pebble-sdk/3.4/Pebble/aplite/lib/libpebble.a(tmpDuxwpQpebble.o)
 .text.atol     0x0000000000000000        0xc /usr/local/Cellar/pebble-sdk/3.4/Pebble/aplite/lib/libpebble.a(tmpDuxwpQpebble.o)
 .text.battery_state_service_peek
                0x0000000000000000        0xc /usr/local/Cellar/pebble-sdk/3.4/Pebble/aplite/lib/libpebble.a(tmpDuxwpQpebble.o)
 .text.battery_state_service_subscribe
                0x0000000000000000        0xc /usr/local/Cellar/pebble-sdk/3.4/Pebble/aplite/lib/libpebble.a(tmpDuxwpQpebble.o)
 .text.battery_state_service_unsubscribe
                0x0000000000000000        0xc /usr/local/Cellar/pebble-sdk/3.4/Pebble/aplite/lib/libpebble.a(tmpDuxwpQpebble.o)
 .text.bitmap_layer_set_alignment
                0x0000000000000000        0xc /usr/local/Cellar/pebble-sdk/3.4/Pebble/aplite/lib/libpebble.a(tmpDuxwpQpebble.o)
 .text.bitmap_layer_set_background_color
                0x0000000000000000        0xc /usr/local/Cellar/pebble-sdk/3.4/Pebble/aplite/lib/libpebble.a(tmpDuxwpQpebble.o)
 .text.bitmap_layer_set_compositing_mode
                0x0000000000000000        0xc /usr/local/Cellar/pebble-sdk/3.4/Pebble/aplite/lib/libpebble.a(tmpDuxwpQpebble.o)
 .text.bluetooth_connection_service_peek
                0x0000000000000000        0xc /usr/local/Cellar/pebble-sdk/3.4/Pebble/aplite/lib/libpebble.a(tmpDuxwpQpebble.o)
 .text.bluetooth_connection_service_subscribe
                0x0000000000000000        0xc /usr/local/Cellar/pebble-sdk/3.4/Pebble/aplite/lib/libpebble.a(tmpDuxwpQpebble.o)
 .text.bluetooth_connection_service_unsubscribe
                0x0000000000000000        0xc /usr/local/Cellar/pebble-sdk/3.4/Pebble/aplite/lib/libpebble.a(tmpDuxwpQpebble.o)
 .text.click_number_of_clicks_counted
                0x0000000000000000        0xc /usr/local/Cellar/pebble-sdk/3.4/Pebble/aplite/lib/libpebble.a(tmpDuxwpQpebble.o)
 .text.click_recognizer_get_button_id
                0x0000000000000000        0xc /usr/local/Cellar/pebble-sdk/3.4/Pebble/aplite/lib/libpebble.a(tmpDuxwpQpebble.o)
 .text.clock_copy_time_string
                0x0000000000000000        0xc /usr/local/Cellar/pebble-sdk/3.4/Pebble/aplite/lib/libpebble.a(tmpDuxwpQpebble.o)
 .text.clock_is_24h_style
                0x0000000000000000        0xc /usr/local/Cellar/pebble-sdk/3.4/Pebble/aplite/lib/libpebble.a(tmpDuxwpQpebble.o)
 .text.cos_lookup
                0x0000000000000000        0xc /usr/local/Cellar/pebble-sdk/3.4/Pebble/aplite/lib/libpebble.a(tmpDuxwpQpebble.o)
 .text.data_logging_create
                0x0000000000000000        0xc /usr/local/Cellar/pebble-sdk/3.4/Pebble/aplite/lib/libpebble.a(tmpDuxwpQpebble.o)
 .text.data_logging_finish
                0x0000000000000000        0xc /usr/local/Cellar/pebble-sdk/3.4/Pebble/aplite/lib/libpebble.a(tmpDuxwpQpebble.o)
 .text.data_logging_log
                0x0000000000000000        0xc /usr/local/Cellar/pebble-sdk/3.4/Pebble/aplite/lib/libpebble.a(tmpDuxwpQpebble.o)
 .text.dict_calc_buffer_size_from_tuplets
                0x0000000000000000        0xc /usr/local/Cellar/pebble-sdk/3.4/Pebble/aplite/lib/libpebble.a(tmpDuxwpQpebble.o)
 .text.dict_find
                0x0000000000000000        0xc /usr/local/Cellar/pebble-sdk/3.4/Pebble/aplite/lib/libpebble.a(tmpDuxwpQpebble.o)
 .text.dict_merge
                0x0000000000000000        0xc /usr/local/Cellar/pebble-sdk/3.4/Pebble/aplite/lib/libpebble.a(tmpDuxwpQpebble.o)
 .text.dict_read_begin_from_buffer
                0x0000000000000000        0xc /usr/local/Cellar/pebble-sdk/3.4/Pebble/aplite/lib/libpebble.a(tmpDuxwpQpebble.o)
 .text.dict_read_next
                0x0000000000000000        0xc /usr/local/Cellar/pebble-sdk/3.4/Pebble/aplite/lib/libpebble.a(tmpDuxwpQpebble.o)
 .text.dict_serialize_tuplets
                0x0000000000000000        0xc /usr/local/Cellar/pebble-sdk/3.4/Pebble/aplite/lib/libpebble.a(tmpDuxwpQpebble.o)
 .text.dict_serialize_tuplets_to_buffer__deprecated
                0x0000000000000000        0xc /usr/local/Cellar/pebble-sdk/3.4/Pebble/aplite/lib/libpebble.a(tmpDuxwpQpebble.o)
 .text.dict_serialize_tuplets_to_buffer_with_iter
                0x0000000000000000        0xc /usr/local/Cellar/pebble-sdk/3.4/Pebble/aplite/lib/libpebble.a(tmpDuxwpQpebble.o)
 .text.dict_write_begin
                0x0000000000000000        0xc /usr/local/Cellar/pebble-sdk/3.4/Pebble/aplite/lib/libpebble.a(tmpDuxwpQpebble.o)
 .text.dict_write_data
                0x0000000000000000        0xc /usr/local/Cellar/pebble-sdk/3.4/Pebble/aplite/lib/libpebble.a(tmpDuxwpQpebble.o)
 .text.dict_write_end
                0x0000000000000000        0xc /usr/local/Cellar/pebble-sdk/3.4/Pebble/aplite/lib/libpebble.a(tmpDuxwpQpebble.o)
 .text.dict_write_int16
                0x0000000000000000        0xc /usr/local/Cellar/pebble-sdk/3.4/Pebble/aplite/lib/libpebble.a(tmpDuxwpQpebble.o)
 .text.dict_write_int32
                0x0000000000000000        0xc /usr/local/Cellar/pebble-sdk/3.4/Pebble/aplite/lib/libpebble.a(tmpDuxwpQpebble.o)
 .text.dict_write_int8
                0x0000000000000000        0xc /usr/local/Cellar/pebble-sdk/3.4/Pebble/aplite/lib/libpebble.a(tmpDuxwpQpebble.o)
 .text.dict_write_tuplet
                0x0000000000000000        0xc /usr/local/Cellar/pebble-sdk/3.4/Pebble/aplite/lib/libpebble.a(tmpDuxwpQpebble.o)
 .text.dict_write_uint16
                0x0000000000000000        0xc /usr/local/Cellar/pebble-sdk/3.4/Pebble/aplite/lib/libpebble.a(tmpDuxwpQpebble.o)
 .text.dict_write_uint32
                0x0000000000000000        0xc /usr/local/Cellar/pebble-sdk/3.4/Pebble/aplite/lib/libpebble.a(tmpDuxwpQpebble.o)
 .text.dict_write_uint8
                0x0000000000000000        0xc /usr/local/Cellar/pebble-sdk/3.4/Pebble/aplite/lib/libpebble.a(tmpDuxwpQpebble.o)
 .text.fonts_get_system_font
                0x0000000000000000        0xc /usr/local/Cellar/pebble-sdk/3.4/Pebble/aplite/lib/libpebble.a(tmpDuxwpQpebble.o)
 .text.fonts_load_custom_font
                0x0000000000000000        0xc /usr/local/Cellar/pebble-sdk/3.4/Pebble/aplite/lib/libpebble.a(tmpDuxwpQpebble.o)
 .text.fonts_unload_custom_font
                0x0000000000000000        0xc /usr/local/Cellar/pebble-sdk/3.4/Pebble/aplite/lib/libpebble.a(tmpDuxwpQpebble.o)
 .text.gbitmap_create_as_sub_bitmap
                0x0000000000000000        0xc /usr/local/Cellar/pebble-sdk/3.4/Pebble/aplite/lib/libpebble.a(tmpDuxwpQpebble.o)
 .text.gbitmap_create_with_data
                0x0000000000000000        0xc /usr/local/Cellar/pebble-sdk/3.4/Pebble/aplite/lib/libpebble.a(tmpDuxwpQpebble.o)
 .text.gbitmap_create_with_resource
                0x0000000000000000        0xc /usr/local/Cellar/pebble-sdk/3.4/Pebble/aplite/lib/libpebble.a(tmpDuxwpQpebble.o)
 .text.gmtime   0x0000000000000000        0xc /usr/local/Cellar/pebble-sdk/3.4/Pebble/aplite/lib/libpebble.a(tmpDuxwpQpebble.o)
 .text.gpath_create
                0x0000000000000000        0xc /usr/local/Cellar/pebble-sdk/3.4/Pebble/aplite/lib/libpebble.a(tmpDuxwpQpebble.o)
 .text.gpath_destroy
                0x0000000000000000        0xc /usr/local/Cellar/pebble-sdk/3.4/Pebble/aplite/lib/libpebble.a(tmpDuxwpQpebble.o)
 .text.gpath_draw_filled_legacy
                0x0000000000000000        0xc /usr/local/Cellar/pebble-sdk/3.4/Pebble/aplite/lib/libpebble.a(tmpDuxwpQpebble.o)
 .text.gpath_draw_outline
                0x0000000000000000        0xc /usr/local/Cellar/pebble-sdk/3.4/Pebble/aplite/lib/libpebble.a(tmpDuxwpQpebble.o)
 .text.gpath_move_to
                0x0000000000000000        0xc /usr/local/Cellar/pebble-sdk/3.4/Pebble/aplite/lib/libpebble.a(tmpDuxwpQpebble.o)
 .text.gpath_rotate_to
                0x0000000000000000        0xc /usr/local/Cellar/pebble-sdk/3.4/Pebble/aplite/lib/libpebble.a(tmpDuxwpQpebble.o)
 .text.gpoint_equal
                0x0000000000000000        0xc /usr/local/Cellar/pebble-sdk/3.4/Pebble/aplite/lib/libpebble.a(tmpDuxwpQpebble.o)
 .text.graphics_context_set_compositing_mode
                0x0000000000000000        0xc /usr/local/Cellar/pebble-sdk/3.4/Pebble/aplite/lib/libpebble.a(tmpDuxwpQpebble.o)
 .text.graphics_context_set_fill_color
                0x0000000000000000        0xc /usr/local/Cellar/pebble-sdk/3.4/Pebble/aplite/lib/libpebble.a(tmpDuxwpQpebble.o)
 .text.graphics_context_set_stroke_color
                0x0000000000000000        0xc /usr/local/Cellar/pebble-sdk/3.4/Pebble/aplite/lib/libpebble.a(tmpDuxwpQpebble.o)
 .text.graphics_context_set_text_color
                0x0000000000000000        0xc /usr/local/Cellar/pebble-sdk/3.4/Pebble/aplite/lib/libpebble.a(tmpDuxwpQpebble.o)
 .text.graphics_draw_bitmap_in_rect
                0x0000000000000000        0xc /usr/local/Cellar/pebble-sdk/3.4/Pebble/aplite/lib/libpebble.a(tmpDuxwpQpebble.o)
 .text.graphics_draw_circle
                0x0000000000000000        0xc /usr/local/Cellar/pebble-sdk/3.4/Pebble/aplite/lib/libpebble.a(tmpDuxwpQpebble.o)
 .text.graphics_draw_line
                0x0000000000000000        0xc /usr/local/Cellar/pebble-sdk/3.4/Pebble/aplite/lib/libpebble.a(tmpDuxwpQpebble.o)
 .text.graphics_draw_pixel
                0x0000000000000000        0xc /usr/local/Cellar/pebble-sdk/3.4/Pebble/aplite/lib/libpebble.a(tmpDuxwpQpebble.o)
 .text.graphics_draw_rect
                0x0000000000000000        0xc /usr/local/Cellar/pebble-sdk/3.4/Pebble/aplite/lib/libpebble.a(tmpDuxwpQpebble.o)
 .text.graphics_draw_round_rect
                0x0000000000000000        0xc /usr/local/Cellar/pebble-sdk/3.4/Pebble/aplite/lib/libpebble.a(tmpDuxwpQpebble.o)
 .text.graphics_fill_circle
                0x0000000000000000        0xc /usr/local/Cellar/pebble-sdk/3.4/Pebble/aplite/lib/libpebble.a(tmpDuxwpQpebble.o)
 .text.graphics_fill_rect
                0x0000000000000000        0xc /usr/local/Cellar/pebble-sdk/3.4/Pebble/aplite/lib/libpebble.a(tmpDuxwpQpebble.o)
 .text.graphics_text_layout_get_max_used_size
                0x0000000000000000        0xc /usr/local/Cellar/pebble-sdk/3.4/Pebble/aplite/lib/libpebble.a(tmpDuxwpQpebble.o)
 .text.grect_align
                0x0000000000000000        0xc /usr/local/Cellar/pebble-sdk/3.4/Pebble/aplite/lib/libpebble.a(tmpDuxwpQpebble.o)
 .text.grect_center_point
                0x0000000000000000        0xc /usr/local/Cellar/pebble-sdk/3.4/Pebble/aplite/lib/libpebble.a(tmpDuxwpQpebble.o)
 .text.grect_clip
                0x0000000000000000        0xc /usr/local/Cellar/pebble-sdk/3.4/Pebble/aplite/lib/libpebble.a(tmpDuxwpQpebble.o)
 .text.grect_contains_point
                0x0000000000000000        0xc /usr/local/Cellar/pebble-sdk/3.4/Pebble/aplite/lib/libpebble.a(tmpDuxwpQpebble.o)
 .text.grect_crop
                0x0000000000000000        0xc /usr/local/Cellar/pebble-sdk/3.4/Pebble/aplite/lib/libpebble.a(tmpDuxwpQpebble.o)
 .text.grect_equal
                0x0000000000000000        0xc /usr/local/Cellar/pebble-sdk/3.4/Pebble/aplite/lib/libpebble.a(tmpDuxwpQpebble.o)
 .text.grect_is_empty
                0x0000000000000000        0xc /usr/local/Cellar/pebble-sdk/3.4/Pebble/aplite/lib/libpebble.a(tmpDuxwpQpebble.o)
 .text.grect_standardize
                0x0000000000000000        0xc /usr/local/Cellar/pebble-sdk/3.4/Pebble/aplite/lib/libpebble.a(tmpDuxwpQpebble.o)
 .text.gsize_equal
                0x0000000000000000        0xc /usr/local/Cellar/pebble-sdk/3.4/Pebble/aplite/lib/libpebble.a(tmpDuxwpQpebble.o)
 .text.inverter_layer_create
                0x0000000000000000        0xc /usr/local/Cellar/pebble-sdk/3.4/Pebble/aplite/lib/libpebble.a(tmpDuxwpQpebble.o)
 .text.inverter_layer_destroy
                0x0000000000000000        0xc /usr/local/Cellar/pebble-sdk/3.4/Pebble/aplite/lib/libpebble.a(tmpDuxwpQpebble.o)
 .text.inverter_layer_get_layer
                0x0000000000000000        0xc /usr/local/Cellar/pebble-sdk/3.4/Pebble/aplite/lib/libpebble.a(tmpDuxwpQpebble.o)
 .text.layer_create
                0x0000000000000000        0xc /usr/local/Cellar/pebble-sdk/3.4/Pebble/aplite/lib/libpebble.a(tmpDuxwpQpebble.o)
 .text.layer_create_with_data
                0x0000000000000000        0xc /usr/local/Cellar/pebble-sdk/3.4/Pebble/aplite/lib/libpebble.a(tmpDuxwpQpebble.o)
 .text.layer_destroy
                0x0000000000000000        0xc /usr/local/Cellar/pebble-sdk/3.4/Pebble/aplite/lib/libpebble.a(tmpDuxwpQpebble.o)
 .text.layer_get_clips
                0x0000000000000000        0xc /usr/local/Cellar/pebble-sdk/3.4/Pebble/aplite/lib/libpebble.a(tmpDuxwpQpebble.o)
 .text.layer_get_data
                0x0000000000000000        0xc /usr/local/Cellar/pebble-sdk/3.4/Pebble/aplite/lib/libpebble.a(tmpDuxwpQpebble.o)
 .text.layer_get_frame
                0x0000000000000000        0xc /usr/local/Cellar/pebble-sdk/3.4/Pebble/aplite/lib/libpebble.a(tmpDuxwpQpebble.o)
 .text.layer_get_hidden
                0x0000000000000000        0xc /usr/local/Cellar/pebble-sdk/3.4/Pebble/aplite/lib/libpebble.a(tmpDuxwpQpebble.o)
 .text.layer_get_window
                0x0000000000000000        0xc /usr/local/Cellar/pebble-sdk/3.4/Pebble/aplite/lib/libpebble.a(tmpDuxwpQpebble.o)
 .text.layer_insert_above_sibling
                0x0000000000000000        0xc /usr/local/Cellar/pebble-sdk/3.4/Pebble/aplite/lib/libpebble.a(tmpDuxwpQpebble.o)
 .text.layer_insert_below_sibling
                0x0000000000000000        0xc /usr/local/Cellar/pebble-sdk/3.4/Pebble/aplite/lib/libpebble.a(tmpDuxwpQpebble.o)
 .text.layer_mark_dirty
                0x0000000000000000        0xc /usr/local/Cellar/pebble-sdk/3.4/Pebble/aplite/lib/libpebble.a(tmpDuxwpQpebble.o)
 .text.layer_remove_child_layers
                0x0000000000000000        0xc /usr/local/Cellar/pebble-sdk/3.4/Pebble/aplite/lib/libpebble.a(tmpDuxwpQpebble.o)
 .text.layer_remove_from_parent
                0x0000000000000000        0xc /usr/local/Cellar/pebble-sdk/3.4/Pebble/aplite/lib/libpebble.a(tmpDuxwpQpebble.o)
 .text.layer_set_bounds
                0x0000000000000000        0xc /usr/local/Cellar/pebble-sdk/3.4/Pebble/aplite/lib/libpebble.a(tmpDuxwpQpebble.o)
 .text.layer_set_clips
                0x0000000000000000        0xc /usr/local/Cellar/pebble-sdk/3.4/Pebble/aplite/lib/libpebble.a(tmpDuxwpQpebble.o)
 .text.layer_set_frame
                0x0000000000000000        0xc /usr/local/Cellar/pebble-sdk/3.4/Pebble/aplite/lib/libpebble.a(tmpDuxwpQpebble.o)
 .text.layer_set_hidden
                0x0000000000000000        0xc /usr/local/Cellar/pebble-sdk/3.4/Pebble/aplite/lib/libpebble.a(tmpDuxwpQpebble.o)
 .text.layer_set_update_proc
                0x0000000000000000        0xc /usr/local/Cellar/pebble-sdk/3.4/Pebble/aplite/lib/libpebble.a(tmpDuxwpQpebble.o)
 .text.light_enable
                0x0000000000000000        0xc /usr/local/Cellar/pebble-sdk/3.4/Pebble/aplite/lib/libpebble.a(tmpDuxwpQpebble.o)
 .text.light_enable_interaction
                0x0000000000000000        0xc /usr/local/Cellar/pebble-sdk/3.4/Pebble/aplite/lib/libpebble.a(tmpDuxwpQpebble.o)
 .text.localtime
                0x0000000000000000        0xc /usr/local/Cellar/pebble-sdk/3.4/Pebble/aplite/lib/libpebble.a(tmpDuxwpQpebble.o)
 .text.memmove  0x0000000000000000        0xc /usr/local/Cellar/pebble-sdk/3.4/Pebble/aplite/lib/libpebble.a(tmpDuxwpQpebble.o)
 .text.menu_cell_basic_draw
                0x0000000000000000        0xc /usr/local/Cellar/pebble-sdk/3.4/Pebble/aplite/lib/libpebble.a(tmpDuxwpQpebble.o)
 .text.menu_cell_basic_header_draw
                0x0000000000000000        0xc /usr/local/Cellar/pebble-sdk/3.4/Pebble/aplite/lib/libpebble.a(tmpDuxwpQpebble.o)
 .text.menu_cell_title_draw
                0x0000000000000000        0xc /usr/local/Cellar/pebble-sdk/3.4/Pebble/aplite/lib/libpebble.a(tmpDuxwpQpebble.o)
 .text.menu_index_compare
                0x0000000000000000        0xc /usr/local/Cellar/pebble-sdk/3.4/Pebble/aplite/lib/libpebble.a(tmpDuxwpQpebble.o)
 .text.menu_layer_create
                0x0000000000000000        0xc /usr/local/Cellar/pebble-sdk/3.4/Pebble/aplite/lib/libpebble.a(tmpDuxwpQpebble.o)
 .text.menu_layer_destroy
                0x0000000000000000        0xc /usr/local/Cellar/pebble-sdk/3.4/Pebble/aplite/lib/libpebble.a(tmpDuxwpQpebble.o)
 .text.menu_layer_get_layer
                0x0000000000000000        0xc /usr/local/Cellar/pebble-sdk/3.4/Pebble/aplite/lib/libpebble.a(tmpDuxwpQpebble.o)
 .text.menu_layer_get_scroll_layer
                0x0000000000000000        0xc /usr/local/Cellar/pebble-sdk/3.4/Pebble/aplite/lib/libpebble.a(tmpDuxwpQpebble.o)
 .text.menu_layer_get_selected_index
                0x0000000000000000        0xc /usr/local/Cellar/pebble-sdk/3.4/Pebble/aplite/lib/libpebble.a(tmpDuxwpQpebble.o)
 .text.menu_layer_reload_data
                0x0000000000000000        0xc /usr/local/Cellar/pebble-sdk/3.4/Pebble/aplite/lib/libpebble.a(tmpDuxwpQpebble.o)
 .text.menu_layer_set_callbacks__deprecated
                0x0000000000000000        0xc /usr/local/Cellar/pebble-sdk/3.4/Pebble/aplite/lib/libpebble.a(tmpDuxwpQpebble.o)
 .text.menu_layer_set_click_config_onto_window
                0x0000000000000000        0xc /usr/local/Cellar/pebble-sdk/3.4/Pebble/aplite/lib/libpebble.a(tmpDuxwpQpebble.o)
 .text.menu_layer_set_selected_index
                0x0000000000000000        0xc /usr/local/Cellar/pebble-sdk/3.4/Pebble/aplite/lib/libpebble.a(tmpDuxwpQpebble.o)
 .text.menu_layer_set_selected_next
                0x0000000000000000        0xc /usr/local/Cellar/pebble-sdk/3.4/Pebble/aplite/lib/libpebble.a(tmpDuxwpQpebble.o)
 .text.number_window_create
                0x0000000000000000        0xc /usr/local/Cellar/pebble-sdk/3.4/Pebble/aplite/lib/libpebble.a(tmpDuxwpQpebble.o)
 .text.number_window_destroy
                0x0000000000000000        0xc /usr/local/Cellar/pebble-sdk/3.4/Pebble/aplite/lib/libpebble.a(tmpDuxwpQpebble.o)
 .text.number_window_get_value
                0x0000000000000000        0xc /usr/local/Cellar/pebble-sdk/3.4/Pebble/aplite/lib/libpebble.a(tmpDuxwpQpebble.o)
 .text.number_window_set_label
                0x0000000000000000        0xc /usr/local/Cellar/pebble-sdk/3.4/Pebble/aplite/lib/libpebble.a(tmpDuxwpQpebble.o)
 .text.number_window_set_max
                0x0000000000000000        0xc /usr/local/Cellar/pebble-sdk/3.4/Pebble/aplite/lib/libpebble.a(tmpDuxwpQpebble.o)
 .text.number_window_set_min
                0x0000000000000000        0xc /usr/local/Cellar/pebble-sdk/3.4/Pebble/aplite/lib/libpebble.a(tmpDuxwpQpebble.o)
 .text.number_window_set_step_size
                0x0000000000000000        0xc /usr/local/Cellar/pebble-sdk/3.4/Pebble/aplite/lib/libpebble.a(tmpDuxwpQpebble.o)
 .text.number_window_set_value
                0x0000000000000000        0xc /usr/local/Cellar/pebble-sdk/3.4/Pebble/aplite/lib/libpebble.a(tmpDuxwpQpebble.o)
 .text.persist_delete
                0x0000000000000000        0xc /usr/local/Cellar/pebble-sdk/3.4/Pebble/aplite/lib/libpebble.a(tmpDuxwpQpebble.o)
 .text.persist_exists
                0x0000000000000000        0xc /usr/local/Cellar/pebble-sdk/3.4/Pebble/aplite/lib/libpebble.a(tmpDuxwpQpebble.o)
 .text.persist_get_size
                0x0000000000000000        0xc /usr/local/Cellar/pebble-sdk/3.4/Pebble/aplite/lib/libpebble.a(tmpDuxwpQpebble.o)
 .text.persist_read_bool
                0x0000000000000000        0xc /usr/local/Cellar/pebble-sdk/3.4/Pebble/aplite/lib/libpebble.a(tmpDuxwpQpebble.o)
 .text.persist_read_data__deprecated
                0x0000000000000000        0xc /usr/local/Cellar/pebble-sdk/3.4/Pebble/aplite/lib/libpebble.a(tmpDuxwpQpebble.o)
 .text.persist_read_int
                0x0000000000000000        0xc /usr/local/Cellar/pebble-sdk/3.4/Pebble/aplite/lib/libpebble.a(tmpDuxwpQpebble.o)
 .text.persist_read_string__deprecated
                0x0000000000000000        0xc /usr/local/Cellar/pebble-sdk/3.4/Pebble/aplite/lib/libpebble.a(tmpDuxwpQpebble.o)
 .text.persist_write_bool
                0x0000000000000000        0xc /usr/local/Cellar/pebble-sdk/3.4/Pebble/aplite/lib/libpebble.a(tmpDuxwpQpebble.o)
 .text.persist_write_data__deprecated
                0x0000000000000000        0xc /usr/local/Cellar/pebble-sdk/3.4/Pebble/aplite/lib/libpebble.a(tmpDuxwpQpebble.o)
 .text.persist_write_int
                0x0000000000000000        0xc /usr/local/Cellar/pebble-sdk/3.4/Pebble/aplite/lib/libpebble.a(tmpDuxwpQpebble.o)
 .text.persist_write_string
                0x0000000000000000        0xc /usr/local/Cellar/pebble-sdk/3.4/Pebble/aplite/lib/libpebble.a(tmpDuxwpQpebble.o)
 .text.property_animation_create
                0x0000000000000000        0xc /usr/local/Cellar/pebble-sdk/3.4/Pebble/aplite/lib/libpebble.a(tmpDuxwpQpebble.o)
 .text.property_animation_create_layer_frame
                0x0000000000000000        0xc /usr/local/Cellar/pebble-sdk/3.4/Pebble/aplite/lib/libpebble.a(tmpDuxwpQpebble.o)
 .text.property_animation_destroy
                0x0000000000000000        0xc /usr/local/Cellar/pebble-sdk/3.4/Pebble/aplite/lib/libpebble.a(tmpDuxwpQpebble.o)
 .text.property_animation_update_gpoint
                0x0000000000000000        0xc /usr/local/Cellar/pebble-sdk/3.4/Pebble/aplite/lib/libpebble.a(tmpDuxwpQpebble.o)
 .text.property_animation_update_grect
                0x0000000000000000        0xc /usr/local/Cellar/pebble-sdk/3.4/Pebble/aplite/lib/libpebble.a(tmpDuxwpQpebble.o)
 .text.property_animation_update_int16
                0x0000000000000000        0xc /usr/local/Cellar/pebble-sdk/3.4/Pebble/aplite/lib/libpebble.a(tmpDuxwpQpebble.o)
 .text.psleep   0x0000000000000000        0xc /usr/local/Cellar/pebble-sdk/3.4/Pebble/aplite/lib/libpebble.a(tmpDuxwpQpebble.o)
 .text.rand     0x0000000000000000        0xc /usr/local/Cellar/pebble-sdk/3.4/Pebble/aplite/lib/libpebble.a(tmpDuxwpQpebble.o)
 .text.resource_get_handle
                0x0000000000000000        0xc /usr/local/Cellar/pebble-sdk/3.4/Pebble/aplite/lib/libpebble.a(tmpDuxwpQpebble.o)
 .text.resource_load
                0x0000000000000000        0xc /usr/local/Cellar/pebble-sdk/3.4/Pebble/aplite/lib/libpebble.a(tmpDuxwpQpebble.o)
 .text.resource_load_byte_range
                0x0000000000000000        0xc /usr/local/Cellar/pebble-sdk/3.4/Pebble/aplite/lib/libpebble.a(tmpDuxwpQpebble.o)
 .text.resource_size
                0x0000000000000000        0xc /usr/local/Cellar/pebble-sdk/3.4/Pebble/aplite/lib/libpebble.a(tmpDuxwpQpebble.o)
 .text.rot_bitmap_layer_create
                0x0000000000000000        0xc /usr/local/Cellar/pebble-sdk/3.4/Pebble/aplite/lib/libpebble.a(tmpDuxwpQpebble.o)
 .text.rot_bitmap_layer_destroy
                0x0000000000000000        0xc /usr/local/Cellar/pebble-sdk/3.4/Pebble/aplite/lib/libpebble.a(tmpDuxwpQpebble.o)
 .text.rot_bitmap_layer_increment_angle
                0x0000000000000000        0xc /usr/local/Cellar/pebble-sdk/3.4/Pebble/aplite/lib/libpebble.a(tmpDuxwpQpebble.o)
 .text.rot_bitmap_layer_set_angle
                0x0000000000000000        0xc /usr/local/Cellar/pebble-sdk/3.4/Pebble/aplite/lib/libpebble.a(tmpDuxwpQpebble.o)
 .text.rot_bitmap_layer_set_corner_clip_color
                0x0000000000000000        0xc /usr/local/Cellar/pebble-sdk/3.4/Pebble/aplite/lib/libpebble.a(tmpDuxwpQpebble.o)
 .text.rot_bitmap_set_compositing_mode
                0x0000000000000000        0xc /usr/local/Cellar/pebble-sdk/3.4/Pebble/aplite/lib/libpebble.a(tmpDuxwpQpebble.o)
 .text.rot_bitmap_set_src_ic
                0x0000000000000000        0xc /usr/local/Cellar/pebble-sdk/3.4/Pebble/aplite/lib/libpebble.a(tmpDuxwpQpebble.o)
 .text.scroll_layer_add_child
                0x0000000000000000        0xc /usr/local/Cellar/pebble-sdk/3.4/Pebble/aplite/lib/libpebble.a(tmpDuxwpQpebble.o)
 .text.scroll_layer_create
                0x0000000000000000        0xc /usr/local/Cellar/pebble-sdk/3.4/Pebble/aplite/lib/libpebble.a(tmpDuxwpQpebble.o)
 .text.scroll_layer_destroy
                0x0000000000000000        0xc /usr/local/Cellar/pebble-sdk/3.4/Pebble/aplite/lib/libpebble.a(tmpDuxwpQpebble.o)
 .text.scroll_layer_get_content_offset
                0x0000000000000000        0xc /usr/local/Cellar/pebble-sdk/3.4/Pebble/aplite/lib/libpebble.a(tmpDuxwpQpebble.o)
 .text.scroll_layer_get_content_size
                0x0000000000000000        0xc /usr/local/Cellar/pebble-sdk/3.4/Pebble/aplite/lib/libpebble.a(tmpDuxwpQpebble.o)
 .text.scroll_layer_get_layer
                0x0000000000000000        0xc /usr/local/Cellar/pebble-sdk/3.4/Pebble/aplite/lib/libpebble.a(tmpDuxwpQpebble.o)
 .text.scroll_layer_get_shadow_hidden
                0x0000000000000000        0xc /usr/local/Cellar/pebble-sdk/3.4/Pebble/aplite/lib/libpebble.a(tmpDuxwpQpebble.o)
 .text.scroll_layer_scroll_down_click_handler
                0x0000000000000000        0xc /usr/local/Cellar/pebble-sdk/3.4/Pebble/aplite/lib/libpebble.a(tmpDuxwpQpebble.o)
 .text.scroll_layer_scroll_up_click_handler
                0x0000000000000000        0xc /usr/local/Cellar/pebble-sdk/3.4/Pebble/aplite/lib/libpebble.a(tmpDuxwpQpebble.o)
 .text.scroll_layer_set_callbacks
                0x0000000000000000        0xc /usr/local/Cellar/pebble-sdk/3.4/Pebble/aplite/lib/libpebble.a(tmpDuxwpQpebble.o)
 .text.scroll_layer_set_click_config_onto_window
                0x0000000000000000        0xc /usr/local/Cellar/pebble-sdk/3.4/Pebble/aplite/lib/libpebble.a(tmpDuxwpQpebble.o)
 .text.scroll_layer_set_content_offset
                0x0000000000000000        0xc /usr/local/Cellar/pebble-sdk/3.4/Pebble/aplite/lib/libpebble.a(tmpDuxwpQpebble.o)
 .text.scroll_layer_set_content_size
                0x0000000000000000        0xc /usr/local/Cellar/pebble-sdk/3.4/Pebble/aplite/lib/libpebble.a(tmpDuxwpQpebble.o)
 .text.scroll_layer_set_context
                0x0000000000000000        0xc /usr/local/Cellar/pebble-sdk/3.4/Pebble/aplite/lib/libpebble.a(tmpDuxwpQpebble.o)
 .text.scroll_layer_set_frame
                0x0000000000000000        0xc /usr/local/Cellar/pebble-sdk/3.4/Pebble/aplite/lib/libpebble.a(tmpDuxwpQpebble.o)
 .text.scroll_layer_set_shadow_hidden
                0x0000000000000000        0xc /usr/local/Cellar/pebble-sdk/3.4/Pebble/aplite/lib/libpebble.a(tmpDuxwpQpebble.o)
 .text.simple_menu_layer_create
                0x0000000000000000        0xc /usr/local/Cellar/pebble-sdk/3.4/Pebble/aplite/lib/libpebble.a(tmpDuxwpQpebble.o)
 .text.simple_menu_layer_destroy
                0x0000000000000000        0xc /usr/local/Cellar/pebble-sdk/3.4/Pebble/aplite/lib/libpebble.a(tmpDuxwpQpebble.o)
 .text.simple_menu_layer_get_layer
                0x0000000000000000        0xc /usr/local/Cellar/pebble-sdk/3.4/Pebble/aplite/lib/libpebble.a(tmpDuxwpQpebble.o)
 .text.simple_menu_layer_get_selected_index
                0x0000000000000000        0xc /usr/local/Cellar/pebble-sdk/3.4/Pebble/aplite/lib/libpebble.a(tmpDuxwpQpebble.o)
 .text.simple_menu_layer_set_selected_index
                0x0000000000000000        0xc /usr/local/Cellar/pebble-sdk/3.4/Pebble/aplite/lib/libpebble.a(tmpDuxwpQpebble.o)
 .text.sin_lookup
                0x0000000000000000        0xc /usr/local/Cellar/pebble-sdk/3.4/Pebble/aplite/lib/libpebble.a(tmpDuxwpQpebble.o)
 .text.snprintf
                0x0000000000000000        0xc /usr/local/Cellar/pebble-sdk/3.4/Pebble/aplite/lib/libpebble.a(tmpDuxwpQpebble.o)
 .text.srand    0x0000000000000000        0xc /usr/local/Cellar/pebble-sdk/3.4/Pebble/aplite/lib/libpebble.a(tmpDuxwpQpebble.o)
 .text.strcat   0x0000000000000000        0xc /usr/local/Cellar/pebble-sdk/3.4/Pebble/aplite/lib/libpebble.a(tmpDuxwpQpebble.o)
 .text.strcmp   0x0000000000000000        0xc /usr/local/Cellar/pebble-sdk/3.4/Pebble/aplite/lib/libpebble.a(tmpDuxwpQpebble.o)
 .text.strcpy   0x0000000000000000        0xc /usr/local/Cellar/pebble-sdk/3.4/Pebble/aplite/lib/libpebble.a(tmpDuxwpQpebble.o)
 .text.strftime
                0x0000000000000000        0xc /usr/local/Cellar/pebble-sdk/3.4/Pebble/aplite/lib/libpebble.a(tmpDuxwpQpebble.o)
 .text.strlen   0x0000000000000000        0xc /usr/local/Cellar/pebble-sdk/3.4/Pebble/aplite/lib/libpebble.a(tmpDuxwpQpebble.o)
 .text.strncat  0x0000000000000000        0xc /usr/local/Cellar/pebble-sdk/3.4/Pebble/aplite/lib/libpebble.a(tmpDuxwpQpebble.o)
 .text.strncmp  0x0000000000000000        0xc /usr/local/Cellar/pebble-sdk/3.4/Pebble/aplite/lib/libpebble.a(tmpDuxwpQpebble.o)
 .text.strncpy  0x0000000000000000        0xc /usr/local/Cellar/pebble-sdk/3.4/Pebble/aplite/lib/libpebble.a(tmpDuxwpQpebble.o)
 .text.text_layer_get_content_size
                0x0000000000000000        0xc /usr/local/Cellar/pebble-sdk/3.4/Pebble/aplite/lib/libpebble.a(tmpDuxwpQpebble.o)
 .text.text_layer_get_text
                0x0000000000000000        0xc /usr/local/Cellar/pebble-sdk/3.4/Pebble/aplite/lib/libpebble.a(tmpDuxwpQpebble.o)
 .text.text_layer_set_background_color
                0x0000000000000000        0xc /usr/local/Cellar/pebble-sdk/3.4/Pebble/aplite/lib/libpebble.a(tmpDuxwpQpebble.o)
 .text.text_layer_set_font
                0x0000000000000000        0xc /usr/local/Cellar/pebble-sdk/3.4/Pebble/aplite/lib/libpebble.a(tmpDuxwpQpebble.o)
 .text.text_layer_set_overflow_mode
                0x0000000000000000        0xc /usr/local/Cellar/pebble-sdk/3.4/Pebble/aplite/lib/libpebble.a(tmpDuxwpQpebble.o)
 .text.text_layer_set_size
                0x0000000000000000        0xc /usr/local/Cellar/pebble-sdk/3.4/Pebble/aplite/lib/libpebble.a(tmpDuxwpQpebble.o)
 .text.text_layer_set_text_color
                0x0000000000000000        0xc /usr/local/Cellar/pebble-sdk/3.4/Pebble/aplite/lib/libpebble.a(tmpDuxwpQpebble.o)
 .text.tick_timer_service_subscribe
                0x0000000000000000        0xc /usr/local/Cellar/pebble-sdk/3.4/Pebble/aplite/lib/libpebble.a(tmpDuxwpQpebble.o)
 .text.tick_timer_service_unsubscribe
                0x0000000000000000        0xc /usr/local/Cellar/pebble-sdk/3.4/Pebble/aplite/lib/libpebble.a(tmpDuxwpQpebble.o)
 .text.time     0x0000000000000000        0xc /usr/local/Cellar/pebble-sdk/3.4/Pebble/aplite/lib/libpebble.a(tmpDuxwpQpebble.o)
 .text.time_ms  0x0000000000000000        0xc /usr/local/Cellar/pebble-sdk/3.4/Pebble/aplite/lib/libpebble.a(tmpDuxwpQpebble.o)
 .text.vibes_cancel
                0x0000000000000000        0xc /usr/local/Cellar/pebble-sdk/3.4/Pebble/aplite/lib/libpebble.a(tmpDuxwpQpebble.o)
 .text.vibes_double_pulse
                0x0000000000000000        0xc /usr/local/Cellar/pebble-sdk/3.4/Pebble/aplite/lib/libpebble.a(tmpDuxwpQpebble.o)
 .text.vibes_enqueue_custom_pattern
                0x0000000000000000        0xc /usr/local/Cellar/pebble-sdk/3.4/Pebble/aplite/lib/libpebble.a(tmpDuxwpQpebble.o)
 .text.vibes_long_pulse
                0x0000000000000000        0xc /usr/local/Cellar/pebble-sdk/3.4/Pebble/aplite/lib/libpebble.a(tmpDuxwpQpebble.o)
 .text.vibes_short_pulse
                0x0000000000000000        0xc /usr/local/Cellar/pebble-sdk/3.4/Pebble/aplite/lib/libpebble.a(tmpDuxwpQpebble.o)
 .text.window_get_click_config_provider
                0x0000000000000000        0xc /usr/local/Cellar/pebble-sdk/3.4/Pebble/aplite/lib/libpebble.a(tmpDuxwpQpebble.o)
 .text.window_get_fullscreen
                0x0000000000000000        0xc /usr/local/Cellar/pebble-sdk/3.4/Pebble/aplite/lib/libpebble.a(tmpDuxwpQpebble.o)
 .text.window_is_loaded
                0x0000000000000000        0xc /usr/local/Cellar/pebble-sdk/3.4/Pebble/aplite/lib/libpebble.a(tmpDuxwpQpebble.o)
 .text.window_set_background_color
                0x0000000000000000        0xc /usr/local/Cellar/pebble-sdk/3.4/Pebble/aplite/lib/libpebble.a(tmpDuxwpQpebble.o)
 .text.window_set_click_config_provider
                0x0000000000000000        0xc /usr/local/Cellar/pebble-sdk/3.4/Pebble/aplite/lib/libpebble.a(tmpDuxwpQpebble.o)
 .text.window_set_click_config_provider_with_context
                0x0000000000000000        0xc /usr/local/Cellar/pebble-sdk/3.4/Pebble/aplite/lib/libpebble.a(tmpDuxwpQpebble.o)
 .text.window_set_status_bar_icon
                0x0000000000000000        0xc /usr/local/Cellar/pebble-sdk/3.4/Pebble/aplite/lib/libpebble.a(tmpDuxwpQpebble.o)
 .text.window_stack_contains_window
                0x0000000000000000        0xc /usr/local/Cellar/pebble-sdk/3.4/Pebble/aplite/lib/libpebble.a(tmpDuxwpQpebble.o)
 .text.window_stack_get_top_window
                0x0000000000000000        0xc /usr/local/Cellar/pebble-sdk/3.4/Pebble/aplite/lib/libpebble.a(tmpDuxwpQpebble.o)
 .text.window_stack_pop
                0x0000000000000000        0xc /usr/local/Cellar/pebble-sdk/3.4/Pebble/aplite/lib/libpebble.a(tmpDuxwpQpebble.o)
 .text.window_stack_pop_all
                0x0000000000000000        0xc /usr/local/Cellar/pebble-sdk/3.4/Pebble/aplite/lib/libpebble.a(tmpDuxwpQpebble.o)
 .text.window_stack_remove
                0x0000000000000000        0xc /usr/local/Cellar/pebble-sdk/3.4/Pebble/aplite/lib/libpebble.a(tmpDuxwpQpebble.o)
 .text.app_focus_service_subscribe
                0x0000000000000000        0xc /usr/local/Cellar/pebble-sdk/3.4/Pebble/aplite/lib/libpebble.a(tmpDuxwpQpebble.o)
 .text.app_focus_service_unsubscribe
                0x0000000000000000        0xc /usr/local/Cellar/pebble-sdk/3.4/Pebble/aplite/lib/libpebble.a(tmpDuxwpQpebble.o)
 .text.window_get_user_data
                0x0000000000000000        0xc /usr/local/Cellar/pebble-sdk/3.4/Pebble/aplite/lib/libpebble.a(tmpDuxwpQpebble.o)
 .text.window_set_user_data
                0x0000000000000000        0xc /usr/local/Cellar/pebble-sdk/3.4/Pebble/aplite/lib/libpebble.a(tmpDuxwpQpebble.o)
 .text.window_long_click_subscribe
                0x0000000000000000        0xc /usr/local/Cellar/pebble-sdk/3.4/Pebble/aplite/lib/libpebble.a(tmpDuxwpQpebble.o)
 .text.window_multi_click_subscribe
                0x0000000000000000        0xc /usr/local/Cellar/pebble-sdk/3.4/Pebble/aplite/lib/libpebble.a(tmpDuxwpQpebble.o)
 .text.window_raw_click_subscribe
                0x0000000000000000        0xc /usr/local/Cellar/pebble-sdk/3.4/Pebble/aplite/lib/libpebble.a(tmpDuxwpQpebble.o)
 .text.window_set_click_context
                0x0000000000000000        0xc /usr/local/Cellar/pebble-sdk/3.4/Pebble/aplite/lib/libpebble.a(tmpDuxwpQpebble.o)
 .text.window_single_click_subscribe
                0x0000000000000000        0xc /usr/local/Cellar/pebble-sdk/3.4/Pebble/aplite/lib/libpebble.a(tmpDuxwpQpebble.o)
 .text.window_single_repeating_click_subscribe
                0x0000000000000000        0xc /usr/local/Cellar/pebble-sdk/3.4/Pebble/aplite/lib/libpebble.a(tmpDuxwpQpebble.o)
 .text.graphics_draw_text
                0x0000000000000000        0xc /usr/local/Cellar/pebble-sdk/3.4/Pebble/aplite/lib/libpebble.a(tmpDuxwpQpebble.o)
 .text.dict_serialize_tuplets_to_buffer
                0x0000000000000000        0xc /usr/local/Cellar/pebble-sdk/3.4/Pebble/aplite/lib/libpebble.a(tmpDuxwpQpebble.o)
 .text.persist_read_data
                0x0000000000000000        0xc /usr/local/Cellar/pebble-sdk/3.4/Pebble/aplite/lib/libpebble.a(tmpDuxwpQpebble.o)
 .text.persist_read_string
                0x0000000000000000        0xc /usr/local/Cellar/pebble-sdk/3.4/Pebble/aplite/lib/libpebble.a(tmpDuxwpQpebble.o)
 .text.persist_write_data
                0x0000000000000000        0xc /usr/local/Cellar/pebble-sdk/3.4/Pebble/aplite/lib/libpebble.a(tmpDuxwpQpebble.o)
 .text.dict_size
                0x0000000000000000        0xc /usr/local/Cellar/pebble-sdk/3.4/Pebble/aplite/lib/libpebble.a(tmpDuxwpQpebble.o)
 .text.graphics_text_layout_get_content_size
                0x0000000000000000        0xc /usr/local/Cellar/pebble-sdk/3.4/Pebble/aplite/lib/libpebble.a(tmpDuxwpQpebble.o)
 .text.simple_menu_layer_get_menu_layer
                0x0000000000000000        0xc /usr/local/Cellar/pebble-sdk/3.4/Pebble/aplite/lib/libpebble.a(tmpDuxwpQpebble.o)
 .text.accel_data_service_subscribe
                0x0000000000000000        0xc /usr/local/Cellar/pebble-sdk/3.4/Pebble/aplite/lib/libpebble.a(tmpDuxwpQpebble.o)
 .text.calloc   0x0000000000000000        0xc /usr/local/Cellar/pebble-sdk/3.4/Pebble/aplite/lib/libpebble.a(tmpDuxwpQpebble.o)
 .text.bitmap_layer_get_bitmap
                0x0000000000000000        0xc /usr/local/Cellar/pebble-sdk/3.4/Pebble/aplite/lib/libpebble.a(tmpDuxwpQpebble.o)
 .text.menu_layer_set_callbacks
                0x0000000000000000        0xc /usr/local/Cellar/pebble-sdk/3.4/Pebble/aplite/lib/libpebble.a(tmpDuxwpQpebble.o)
 .text.window_get_click_config_context
                0x0000000000000000        0xc /usr/local/Cellar/pebble-sdk/3.4/Pebble/aplite/lib/libpebble.a(tmpDuxwpQpebble.o)
 .text.number_window_get_window
                0x0000000000000000        0xc /usr/local/Cellar/pebble-sdk/3.4/Pebble/aplite/lib/libpebble.a(tmpDuxwpQpebble.o)
 .text.realloc  0x0000000000000000        0xc /usr/local/Cellar/pebble-sdk/3.4/Pebble/aplite/lib/libpebble.a(tmpDuxwpQpebble.o)
 .text.__gbitmap_create_blank
                0x0000000000000000        0xc /usr/local/Cellar/pebble-sdk/3.4/Pebble/aplite/lib/libpebble.a(tmpDuxwpQpebble.o)
 .text.click_recognizer_is_repeating
                0x0000000000000000        0xc /usr/local/Cellar/pebble-sdk/3.4/Pebble/aplite/lib/libpebble.a(tmpDuxwpQpebble.o)
 .text.accel_raw_data_service_subscribe
                0x0000000000000000        0xc /usr/local/Cellar/pebble-sdk/3.4/Pebble/aplite/lib/libpebble.a(tmpDuxwpQpebble.o)
 .text.app_worker_is_running
                0x0000000000000000        0xc /usr/local/Cellar/pebble-sdk/3.4/Pebble/aplite/lib/libpebble.a(tmpDuxwpQpebble.o)
 .text.app_worker_kill
                0x0000000000000000        0xc /usr/local/Cellar/pebble-sdk/3.4/Pebble/aplite/lib/libpebble.a(tmpDuxwpQpebble.o)
 .text.app_worker_launch
                0x0000000000000000        0xc /usr/local/Cellar/pebble-sdk/3.4/Pebble/aplite/lib/libpebble.a(tmpDuxwpQpebble.o)
 .text.app_worker_message_subscribe
                0x0000000000000000        0xc /usr/local/Cellar/pebble-sdk/3.4/Pebble/aplite/lib/libpebble.a(tmpDuxwpQpebble.o)
 .text.app_worker_message_unsubscribe
                0x0000000000000000        0xc /usr/local/Cellar/pebble-sdk/3.4/Pebble/aplite/lib/libpebble.a(tmpDuxwpQpebble.o)
 .text.app_worker_send_message
                0x0000000000000000        0xc /usr/local/Cellar/pebble-sdk/3.4/Pebble/aplite/lib/libpebble.a(tmpDuxwpQpebble.o)
 .text.worker_event_loop
                0x0000000000000000        0xc /usr/local/Cellar/pebble-sdk/3.4/Pebble/aplite/lib/libpebble.a(tmpDuxwpQpebble.o)
 .text.worker_launch_app
                0x0000000000000000        0xc /usr/local/Cellar/pebble-sdk/3.4/Pebble/aplite/lib/libpebble.a(tmpDuxwpQpebble.o)
 .text.heap_bytes_used
                0x0000000000000000        0xc /usr/local/Cellar/pebble-sdk/3.4/Pebble/aplite/lib/libpebble.a(tmpDuxwpQpebble.o)
 .text.compass_service_peek
                0x0000000000000000        0xc /usr/local/Cellar/pebble-sdk/3.4/Pebble/aplite/lib/libpebble.a(tmpDuxwpQpebble.o)
 .text.compass_service_set_heading_filter
                0x0000000000000000        0xc /usr/local/Cellar/pebble-sdk/3.4/Pebble/aplite/lib/libpebble.a(tmpDuxwpQpebble.o)
 .text.compass_service_subscribe
                0x0000000000000000        0xc /usr/local/Cellar/pebble-sdk/3.4/Pebble/aplite/lib/libpebble.a(tmpDuxwpQpebble.o)
 .text.compass_service_unsubscribe
                0x0000000000000000        0xc /usr/local/Cellar/pebble-sdk/3.4/Pebble/aplite/lib/libpebble.a(tmpDuxwpQpebble.o)
 .text.uuid_equal
                0x0000000000000000        0xc /usr/local/Cellar/pebble-sdk/3.4/Pebble/aplite/lib/libpebble.a(tmpDuxwpQpebble.o)
 .text.uuid_to_string
                0x0000000000000000        0xc /usr/local/Cellar/pebble-sdk/3.4/Pebble/aplite/lib/libpebble.a(tmpDuxwpQpebble.o)
 .text.gpath_draw_filled
                0x0000000000000000        0xc /usr/local/Cellar/pebble-sdk/3.4/Pebble/aplite/lib/libpebble.a(tmpDuxwpQpebble.o)
 .text.animation_set_custom_curve
                0x0000000000000000        0xc /usr/local/Cellar/pebble-sdk/3.4/Pebble/aplite/lib/libpebble.a(tmpDuxwpQpebble.o)
 .text.watch_info_get_color
                0x0000000000000000        0xc /usr/local/Cellar/pebble-sdk/3.4/Pebble/aplite/lib/libpebble.a(tmpDuxwpQpebble.o)
 .text.watch_info_get_firmware_version
                0x0000000000000000        0xc /usr/local/Cellar/pebble-sdk/3.4/Pebble/aplite/lib/libpebble.a(tmpDuxwpQpebble.o)
 .text.watch_info_get_model
                0x0000000000000000        0xc /usr/local/Cellar/pebble-sdk/3.4/Pebble/aplite/lib/libpebble.a(tmpDuxwpQpebble.o)
 .text.graphics_capture_frame_buffer
                0x0000000000000000        0xc /usr/local/Cellar/pebble-sdk/3.4/Pebble/aplite/lib/libpebble.a(tmpDuxwpQpebble.o)
 .text.graphics_frame_buffer_is_captured
                0x0000000000000000        0xc /usr/local/Cellar/pebble-sdk/3.4/Pebble/aplite/lib/libpebble.a(tmpDuxwpQpebble.o)
 .text.graphics_release_frame_buffer
                0x0000000000000000        0xc /usr/local/Cellar/pebble-sdk/3.4/Pebble/aplite/lib/libpebble.a(tmpDuxwpQpebble.o)
 .text.clock_to_timestamp
                0x0000000000000000        0xc /usr/local/Cellar/pebble-sdk/3.4/Pebble/aplite/lib/libpebble.a(tmpDuxwpQpebble.o)
 .text.launch_reason
                0x0000000000000000        0xc /usr/local/Cellar/pebble-sdk/3.4/Pebble/aplite/lib/libpebble.a(tmpDuxwpQpebble.o)
 .text.wakeup_cancel
                0x0000000000000000        0xc /usr/local/Cellar/pebble-sdk/3.4/Pebble/aplite/lib/libpebble.a(tmpDuxwpQpebble.o)
 .text.wakeup_cancel_all
                0x0000000000000000        0xc /usr/local/Cellar/pebble-sdk/3.4/Pebble/aplite/lib/libpebble.a(tmpDuxwpQpebble.o)
 .text.wakeup_get_launch_event
                0x0000000000000000        0xc /usr/local/Cellar/pebble-sdk/3.4/Pebble/aplite/lib/libpebble.a(tmpDuxwpQpebble.o)
 .text.wakeup_query
                0x0000000000000000        0xc /usr/local/Cellar/pebble-sdk/3.4/Pebble/aplite/lib/libpebble.a(tmpDuxwpQpebble.o)
 .text.wakeup_schedule
                0x0000000000000000        0xc /usr/local/Cellar/pebble-sdk/3.4/Pebble/aplite/lib/libpebble.a(tmpDuxwpQpebble.o)
 .text.wakeup_service_subscribe
                0x0000000000000000        0xc /usr/local/Cellar/pebble-sdk/3.4/Pebble/aplite/lib/libpebble.a(tmpDuxwpQpebble.o)
 .text.clock_is_timezone_set
                0x0000000000000000        0xc /usr/local/Cellar/pebble-sdk/3.4/Pebble/aplite/lib/libpebble.a(tmpDuxwpQpebble.o)
 .text.i18n_get_system_locale
                0x0000000000000000        0xc /usr/local/Cellar/pebble-sdk/3.4/Pebble/aplite/lib/libpebble.a(tmpDuxwpQpebble.o)
 .text._localeconv_r
                0x0000000000000000        0xc /usr/local/Cellar/pebble-sdk/3.4/Pebble/aplite/lib/libpebble.a(tmpDuxwpQpebble.o)
 .text.setlocale
                0x0000000000000000        0xc /usr/local/Cellar/pebble-sdk/3.4/Pebble/aplite/lib/libpebble.a(tmpDuxwpQpebble.o)
 .text.mktime   0x0000000000000000        0xc /usr/local/Cellar/pebble-sdk/3.4/Pebble/aplite/lib/libpebble.a(tmpDuxwpQpebble.o)
 .text          0x0000000000000000        0x0 /usr/local/Cellar/pebble-toolchain/2.0/arm-cs-tools/bin/../lib/gcc/arm-none-eabi/4.7.2/thumb2/crtend.o
 .bss           0x0000000000000000        0x0 /usr/local/Cellar/pebble-toolchain/2.0/arm-cs-tools/bin/../lib/gcc/arm-none-eabi/4.7.2/thumb2/crtend.o
 .eh_frame      0x0000000000000000        0x4 /usr/local/Cellar/pebble-toolchain/2.0/arm-cs-tools/bin/../lib/gcc/arm-none-eabi/4.7.2/thumb2/crtend.o
 .jcr           0x0000000000000000        0x4 /usr/local/Cellar/pebble-toolchain/2.0/arm-cs-tools/bin/../lib/gcc/arm-none-eabi/4.7.2/thumb2/crtend.o
 .tm_clone_table
                0x0000000000000000        0x0 /usr/local/Cellar/pebble-toolchain/2.0/arm-cs-tools/bin/../lib/gcc/arm-none-eabi/4.7.2/thumb2/crtend.o
 .text          0x0000000000000000        0x0 /usr/local/Cellar/pebble-toolchain/2.0/arm-cs-tools/bin/../lib/gcc/arm-none-eabi/4.7.2/thumb2/crtn.o
 .bss           0x0000000000000000        0x0 /usr/local/Cellar/pebble-toolchain/2.0/arm-cs-tools/bin/../lib/gcc/arm-none-eabi/4.7.2/thumb2/crtn.o
 .init          0x0000000000000000        0x8 /usr/local/Cellar/pebble-toolchain/2.0/arm-cs-tools/bin/../lib/gcc/arm-none-eabi/4.7.2/thumb2/crtn.o
 .fini          0x0000000000000000        0x8 /usr/local/Cellar/pebble-toolchain/2.0/arm-cs-tools/bin/../lib/gcc/arm-none-eabi/4.7.2/thumb2/crtn.o

Memory Configuration

Name             Origin             Length             Attributes
APP              0x0000000000000000 0x0000000000006000 xrw
*default*        0x0000000000000000 0xffffffffffffffff

Linker script and memory map

LOAD /usr/local/Cellar/pebble-toolchain/2.0/arm-cs-tools/bin/../lib/gcc/arm-none-eabi/4.7.2/thumb2/crti.o
LOAD /usr/local/Cellar/pebble-toolchain/2.0/arm-cs-tools/bin/../lib/gcc/arm-none-eabi/4.7.2/thumb2/crtbegin.o
LOAD src/netdownload.c.10.o
LOAD src/pebble-faces.c.10.o
LOAD src/png.c.10.o
LOAD src/upng.c.10.o
LOAD aplite/appinfo.auto.c.10.o
LOAD /usr/local/Cellar/pebble-sdk/3.4/Pebble/aplite/lib/libpebble.a
START GROUP
LOAD /usr/local/Cellar/pebble-toolchain/2.0/arm-cs-tools/bin/../lib/gcc/arm-none-eabi/4.7.2/thumb2/libgcc.a
LOAD /usr/local/Cellar/pebble-toolchain/2.0/arm-cs-tools/bin/../lib/gcc/arm-none-eabi/4.7.2/../../../../arm-none-eabi/lib/thumb2/libc.a
END GROUP
LOAD /usr/local/Cellar/pebble-toolchain/2.0/arm-cs-tools/bin/../lib/gcc/arm-none-eabi/4.7.2/thumb2/crtend.o
LOAD /usr/local/Cellar/pebble-toolchain/2.0/arm-cs-tools/bin/../lib/gcc/arm-none-eabi/4.7.2/thumb2/crtn.o

.header         0x0000000000000000       0x82
 *(.pbl_header)
 .pbl_header    0x0000000000000000       0x82 aplite/appinfo.auto.c.10.o
                0x0000000000000000                __pbl_app_info

.note.gnu.build-id
                0x0000000000000082       0x26
                0x0000000000000082                PROVIDE (BUILD_ID, .)
 *(.note.gnu.build-id)
 *fill*         0x0000000000000082        0x2 
 .note.gnu.build-id
                0x0000000000000084       0x24 linker stubs

.text           0x00000000000000a8     0x26e2
 *(.text)
 .text          0x00000000000000a8       0x14 /usr/local/Cellar/pebble-sdk/3.4/Pebble/aplite/lib/libpebble.a(tmpDuxwpQpebble.o)
 *(.text.*)
 .text.netdownload_out_success
                0x00000000000000bc       0x18 src/netdownload.c.10.o
                0x00000000000000bc                netdownload_out_success
 .text.netdownload_receive
                0x00000000000000d4      0x164 src/netdownload.c.10.o
                0x00000000000000d4                netdownload_receive
 .text.netdownload_create_context
                0x0000000000000238       0x16 src/netdownload.c.10.o
                0x0000000000000238                netdownload_create_context
 .text.netdownload_destroy_context
                0x000000000000024e       0x16 src/netdownload.c.10.o
                0x000000000000024e                netdownload_destroy_context
 .text.netdownload_initialize
                0x0000000000000264       0x94 src/netdownload.c.10.o
                0x0000000000000264                netdownload_initialize
 .text.netdownload_deinitialize
                0x00000000000002f8       0x14 src/netdownload.c.10.o
                0x00000000000002f8                netdownload_deinitialize
 .text.netdownload_request
                0x000000000000030c       0x4c src/netdownload.c.10.o
                0x000000000000030c                netdownload_request
 .text.netdownload_destroy
                0x0000000000000358       0x18 src/netdownload.c.10.o
                0x0000000000000358                netdownload_destroy
 .text.translate_error
                0x0000000000000370       0xe8 src/netdownload.c.10.o
                0x0000000000000370                translate_error
 .text.netdownload_out_failed
                0x0000000000000458       0x24 src/netdownload.c.10.o
                0x0000000000000458                netdownload_out_failed
 .text.netdownload_dropped
                0x000000000000047c       0x24 src/netdownload.c.10.o
                0x000000000000047c                netdownload_dropped
 .text.window_unload
                0x00000000000004a0       0x30 src/pebble-faces.c.10.o
 .text.window_load
                0x00000000000004d0       0x90 src/pebble-faces.c.10.o
 .text.download_complete_handler
                0x0000000000000560       0x80 src/pebble-faces.c.10.o
                0x0000000000000560                download_complete_handler
 .text.show_next_image
                0x00000000000005e0       0x64 src/pebble-faces.c.10.o
                0x00000000000005e0                show_next_image
 .text.tap_handler
                0x0000000000000644        0x4 src/pebble-faces.c.10.o
                0x0000000000000644                tap_handler
 .text.startup.main
                0x0000000000000648       0x98 src/pebble-faces.c.10.o
                0x0000000000000648                main
 .text.gbitmap_from_bitmap
                0x00000000000006e0       0xac src/png.c.10.o
 .text.gbitmap_create_with_png_data
                0x000000000000078c       0xf8 src/png.c.10.o
                0x000000000000078c                gbitmap_create_with_png_data
 .text.read_bit
                0x0000000000000884       0x18 src/upng.c.10.o
 .text.read_bits
                0x000000000000089c       0x2a src/upng.c.10.o
 .text.huffman_decode_symbol
                0x00000000000008c6       0x64 src/upng.c.10.o
 .text.paeth_predictor
                0x000000000000092a       0x3e src/upng.c.10.o
 .text.unfilter
                0x0000000000000968      0x1b2 src/upng.c.10.o
 .text.huffman_tree_create_lengths
                0x0000000000000b1a      0x190 src/upng.c.10.o
 *fill*         0x0000000000000caa        0x2 
 .text.inflate_huffman
                0x0000000000000cac      0x494 src/upng.c.10.o
 .text.upng_header
                0x0000000000001140      0x154 src/upng.c.10.o
                0x0000000000001140                upng_header
 .text.upng_new_from_bytes
                0x0000000000001294       0x38 src/upng.c.10.o
                0x0000000000001294                upng_new_from_bytes
 .text.upng_free
                0x00000000000012cc       0x2c src/upng.c.10.o
                0x00000000000012cc                upng_free
 .text.upng_get_error
                0x00000000000012f8        0x4 src/upng.c.10.o
                0x00000000000012f8                upng_get_error
 .text.upng_get_error_line
                0x00000000000012fc        0x4 src/upng.c.10.o
                0x00000000000012fc                upng_get_error_line
 .text.upng_get_width
                0x0000000000001300        0x4 src/upng.c.10.o
                0x0000000000001300                upng_get_width
 .text.upng_get_height
                0x0000000000001304        0x4 src/upng.c.10.o
                0x0000000000001304                upng_get_height
 .text.upng_get_components
                0x0000000000001308       0x18 src/upng.c.10.o
                0x0000000000001308                upng_get_components
 .text.upng_get_bpp
                0x0000000000001320        0xe src/upng.c.10.o
                0x0000000000001320                upng_get_bpp
 *fill*         0x000000000000132e        0x2 
 .text.upng_decode
                0x0000000000001330      0x454 src/upng.c.10.o
                0x0000000000001330                upng_decode
 .text.upng_get_buffer
                0x0000000000001784        0x4 src/upng.c.10.o
                0x0000000000001784                upng_get_buffer
 .text.accel_tap_service_subscribe
                0x0000000000001788        0xc /usr/local/Cellar/pebble-sdk/3.4/Pebble/aplite/lib/libpebble.a(tmpDuxwpQpebble.o)
                0x0000000000001788                accel_tap_service_subscribe
 .text.app_event_loop
                0x0000000000001794        0xc /usr/local/Cellar/pebble-sdk/3.4/Pebble/aplite/lib/libpebble.a(tmpDuxwpQpebble.o)
                0x0000000000001794                app_event_loop
 .text.app_log  0x00000000000017a0        0xc /usr/local/Cellar/pebble-sdk/3.4/Pebble/aplite/lib/libpebble.a(tmpDuxwpQpebble.o)
                0x00000000000017a0                app_log
 .text.app_message_open
                0x00000000000017ac        0xc /usr/local/Cellar/pebble-sdk/3.4/Pebble/aplite/lib/libpebble.a(tmpDuxwpQpebble.o)
                0x00000000000017ac                app_message_open
 .text.bitmap_layer_create
                0x00000000000017b8        0xc /usr/local/Cellar/pebble-sdk/3.4/Pebble/aplite/lib/libpebble.a(tmpDuxwpQpebble.o)
                0x00000000000017b8                bitmap_layer_create
 .text.bitmap_layer_destroy
                0x00000000000017c4        0xc /usr/local/Cellar/pebble-sdk/3.4/Pebble/aplite/lib/libpebble.a(tmpDuxwpQpebble.o)
                0x00000000000017c4                bitmap_layer_destroy
 .text.bitmap_layer_get_layer
                0x00000000000017d0        0xc /usr/local/Cellar/pebble-sdk/3.4/Pebble/aplite/lib/libpebble.a(tmpDuxwpQpebble.o)
                0x00000000000017d0                bitmap_layer_get_layer
 .text.bitmap_layer_set_bitmap
                0x00000000000017dc        0xc /usr/local/Cellar/pebble-sdk/3.4/Pebble/aplite/lib/libpebble.a(tmpDuxwpQpebble.o)
                0x00000000000017dc                bitmap_layer_set_bitmap
 .text.dict_calc_buffer_size
                0x00000000000017e8        0xc /usr/local/Cellar/pebble-sdk/3.4/Pebble/aplite/lib/libpebble.a(tmpDuxwpQpebble.o)
                0x00000000000017e8                dict_calc_buffer_size
 .text.dict_read_first
                0x00000000000017f4        0xc /usr/local/Cellar/pebble-sdk/3.4/Pebble/aplite/lib/libpebble.a(tmpDuxwpQpebble.o)
                0x00000000000017f4                dict_read_first
 .text.dict_write_cstring
                0x0000000000001800        0xc /usr/local/Cellar/pebble-sdk/3.4/Pebble/aplite/lib/libpebble.a(tmpDuxwpQpebble.o)
                0x0000000000001800                dict_write_cstring
 .text.dict_write_int
                0x000000000000180c        0xc /usr/local/Cellar/pebble-sdk/3.4/Pebble/aplite/lib/libpebble.a(tmpDuxwpQpebble.o)
                0x000000000000180c                dict_write_int
 .text.free     0x0000000000001818        0xc /usr/local/Cellar/pebble-sdk/3.4/Pebble/aplite/lib/libpebble.a(tmpDuxwpQpebble.o)
                0x0000000000001818                free
 .text.gbitmap_destroy
                0x0000000000001824        0xc /usr/local/Cellar/pebble-sdk/3.4/Pebble/aplite/lib/libpebble.a(tmpDuxwpQpebble.o)
                0x0000000000001824                gbitmap_destroy
 .text.layer_add_child
                0x0000000000001830        0xc /usr/local/Cellar/pebble-sdk/3.4/Pebble/aplite/lib/libpebble.a(tmpDuxwpQpebble.o)
                0x0000000000001830                layer_add_child
 .text.layer_get_bounds
                0x000000000000183c        0xc /usr/local/Cellar/pebble-sdk/3.4/Pebble/aplite/lib/libpebble.a(tmpDuxwpQpebble.o)
                0x000000000000183c                layer_get_bounds
 .text.malloc   0x0000000000001848        0xc /usr/local/Cellar/pebble-sdk/3.4/Pebble/aplite/lib/libpebble.a(tmpDuxwpQpebble.o)
                0x0000000000001848                malloc
 .text.memcpy   0x0000000000001854        0xc /usr/local/Cellar/pebble-sdk/3.4/Pebble/aplite/lib/libpebble.a(tmpDuxwpQpebble.o)
                0x0000000000001854                memcpy
 .text.memset   0x0000000000001860        0xc /usr/local/Cellar/pebble-sdk/3.4/Pebble/aplite/lib/libpebble.a(tmpDuxwpQpebble.o)
                0x0000000000001860                memset
 .text.text_layer_create
                0x000000000000186c        0xc /usr/local/Cellar/pebble-sdk/3.4/Pebble/aplite/lib/libpebble.a(tmpDuxwpQpebble.o)
                0x000000000000186c                text_layer_create
 .text.text_layer_destroy
                0x0000000000001878        0xc /usr/local/Cellar/pebble-sdk/3.4/Pebble/aplite/lib/libpebble.a(tmpDuxwpQpebble.o)
                0x0000000000001878                text_layer_destroy
 .text.text_layer_get_layer
                0x0000000000001884        0xc /usr/local/Cellar/pebble-sdk/3.4/Pebble/aplite/lib/libpebble.a(tmpDuxwpQpebble.o)
                0x0000000000001884                text_layer_get_layer
 .text.text_layer_set_text
                0x0000000000001890        0xc /usr/local/Cellar/pebble-sdk/3.4/Pebble/aplite/lib/libpebble.a(tmpDuxwpQpebble.o)
                0x0000000000001890                text_layer_set_text
 .text.text_layer_set_text_alignment
                0x000000000000189c        0xc /usr/local/Cellar/pebble-sdk/3.4/Pebble/aplite/lib/libpebble.a(tmpDuxwpQpebble.o)
                0x000000000000189c                text_layer_set_text_alignment
 .text.window_create
                0x00000000000018a8        0xc /usr/local/Cellar/pebble-sdk/3.4/Pebble/aplite/lib/libpebble.a(tmpDuxwpQpebble.o)
                0x00000000000018a8                window_create
 .text.window_destroy
                0x00000000000018b4        0xc /usr/local/Cellar/pebble-sdk/3.4/Pebble/aplite/lib/libpebble.a(tmpDuxwpQpebble.o)
                0x00000000000018b4                window_destroy
 .text.window_get_root_layer
                0x00000000000018c0        0xc /usr/local/Cellar/pebble-sdk/3.4/Pebble/aplite/lib/libpebble.a(tmpDuxwpQpebble.o)
                0x00000000000018c0                window_get_root_layer
 .text.window_set_fullscreen
                0x00000000000018cc        0xc /usr/local/Cellar/pebble-sdk/3.4/Pebble/aplite/lib/libpebble.a(tmpDuxwpQpebble.o)
                0x00000000000018cc                window_set_fullscreen
 .text.window_set_window_handlers
                0x00000000000018d8        0xc /usr/local/Cellar/pebble-sdk/3.4/Pebble/aplite/lib/libpebble.a(tmpDuxwpQpebble.o)
                0x00000000000018d8                window_set_window_handlers
 .text.window_stack_push
                0x00000000000018e4        0xc /usr/local/Cellar/pebble-sdk/3.4/Pebble/aplite/lib/libpebble.a(tmpDuxwpQpebble.o)
                0x00000000000018e4                window_stack_push
 .text.app_message_get_context
                0x00000000000018f0        0xc /usr/local/Cellar/pebble-sdk/3.4/Pebble/aplite/lib/libpebble.a(tmpDuxwpQpebble.o)
                0x00000000000018f0                app_message_get_context
 .text.app_message_inbox_size_maximum
                0x00000000000018fc        0xc /usr/local/Cellar/pebble-sdk/3.4/Pebble/aplite/lib/libpebble.a(tmpDuxwpQpebble.o)
                0x00000000000018fc                app_message_inbox_size_maximum
 .text.app_message_outbox_begin
                0x0000000000001908        0xc /usr/local/Cellar/pebble-sdk/3.4/Pebble/aplite/lib/libpebble.a(tmpDuxwpQpebble.o)
                0x0000000000001908                app_message_outbox_begin
 .text.app_message_outbox_send
                0x0000000000001914        0xc /usr/local/Cellar/pebble-sdk/3.4/Pebble/aplite/lib/libpebble.a(tmpDuxwpQpebble.o)
                0x0000000000001914                app_message_outbox_send
 .text.app_message_outbox_size_maximum
                0x0000000000001920        0xc /usr/local/Cellar/pebble-sdk/3.4/Pebble/aplite/lib/libpebble.a(tmpDuxwpQpebble.o)
                0x0000000000001920                app_message_outbox_size_maximum
 .text.app_message_register_inbox_dropped
                0x000000000000192c        0xc /usr/local/Cellar/pebble-sdk/3.4/Pebble/aplite/lib/libpebble.a(tmpDuxwpQpebble.o)
                0x000000000000192c                app_message_register_inbox_dropped
 .text.app_message_register_inbox_received
                0x0000000000001938        0xc /usr/local/Cellar/pebble-sdk/3.4/Pebble/aplite/lib/libpebble.a(tmpDuxwpQpebble.o)
                0x0000000000001938                app_message_register_inbox_received
 .text.app_message_register_outbox_failed
                0x0000000000001944        0xc /usr/local/Cellar/pebble-sdk/3.4/Pebble/aplite/lib/libpebble.a(tmpDuxwpQpebble.o)
                0x0000000000001944                app_message_register_outbox_failed
 .text.app_message_register_outbox_sent
                0x0000000000001950        0xc /usr/local/Cellar/pebble-sdk/3.4/Pebble/aplite/lib/libpebble.a(tmpDuxwpQpebble.o)
                0x0000000000001950                app_message_register_outbox_sent
 .text.app_message_set_context
                0x000000000000195c        0xc /usr/local/Cellar/pebble-sdk/3.4/Pebble/aplite/lib/libpebble.a(tmpDuxwpQpebble.o)
                0x000000000000195c                app_message_set_context
 .text.heap_bytes_free
                0x0000000000001968        0xc /usr/local/Cellar/pebble-sdk/3.4/Pebble/aplite/lib/libpebble.a(tmpDuxwpQpebble.o)
                0x0000000000001968                heap_bytes_free
 *(.rodata)
 *(.rodata*)
 .rodata.str1.1
                0x0000000000001974      0x305 src/netdownload.c.10.o
 .rodata.str1.1
                0x0000000000001c79      0x3e0 src/pebble-faces.c.10.o
 .rodata.str1.1
                0x0000000000002059       0xf5 src/png.c.10.o
 .rodata.CSWTCH.42
                0x000000000000214e        0x7 src/upng.c.10.o
 *fill*         0x0000000000002155        0x1 
 .rodata.FIXED_DEFLATE_CODE_TREE
                0x0000000000002156      0x480 src/upng.c.10.o
 .rodata.FIXED_DISTANCE_TREE
                0x00000000000025d6       0x80 src/upng.c.10.o
 .rodata.LENGTH_BASE
                0x0000000000002656       0x3a src/upng.c.10.o
 .rodata.CLCL   0x0000000000002690       0x26 src/upng.c.10.o
 .rodata.DISTANCE_BASE
                0x00000000000026b6       0x3c src/upng.c.10.o
 .rodata.DISTANCE_EXTRA
                0x00000000000026f2       0x3c src/upng.c.10.o
 .rodata.CSWTCH.21
                0x000000000000272e        0x9 src/upng.c.10.o
 .rodata.CSWTCH.23
                0x0000000000002737        0x8 src/upng.c.10.o
 .rodata.CSWTCH.19
                0x000000000000273f        0x8 src/upng.c.10.o
 .rodata.CSWTCH.25
                0x0000000000002747        0x9 src/upng.c.10.o
 .rodata.LENGTH_EXTRA
                0x0000000000002750       0x3a src/upng.c.10.o

.glue_7         0x000000000000278c        0x0
 .glue_7        0x0000000000000000        0x0 linker stubs

.glue_7t        0x000000000000278c        0x0
 .glue_7t       0x0000000000000000        0x0 linker stubs

.vfp11_veneer   0x000000000000278c        0x0
 .vfp11_veneer  0x0000000000000000        0x0 linker stubs

.v4_bx          0x000000000000278c        0x0
 .v4_bx         0x0000000000000000        0x0 linker stubs

.iplt           0x000000000000278c        0x0
 .iplt          0x0000000000000000        0x0 /usr/local/Cellar/pebble-toolchain/2.0/arm-cs-tools/bin/../lib/gcc/arm-none-eabi/4.7.2/thumb2/crtbegin.o

.rel.dyn        0x000000000000278c        0x0
 .rel.iplt      0x0000000000000000        0x0 /usr/local/Cellar/pebble-toolchain/2.0/arm-cs-tools/bin/../lib/gcc/arm-none-eabi/4.7.2/thumb2/crtbegin.o

.data           0x000000000000278c       0x2c
 *(.data)
 .data          0x000000000000278c        0x0 /usr/local/Cellar/pebble-toolchain/2.0/arm-cs-tools/bin/../lib/gcc/arm-none-eabi/4.7.2/thumb2/crti.o
 .data          0x000000000000278c        0x4 /usr/local/Cellar/pebble-toolchain/2.0/arm-cs-tools/bin/../lib/gcc/arm-none-eabi/4.7.2/thumb2/crtbegin.o
                0x000000000000278c                __dso_handle
 .data          0x0000000000002790        0x0 src/netdownload.c.10.o
 .data          0x0000000000002790        0x0 src/pebble-faces.c.10.o
 .data          0x0000000000002790        0x0 src/png.c.10.o
 .data          0x0000000000002790        0x0 src/upng.c.10.o
 .data          0x0000000000002790        0x0 aplite/appinfo.auto.c.10.o
 .data          0x0000000000002790        0x0 /usr/local/Cellar/pebble-sdk/3.4/Pebble/aplite/lib/libpebble.a(tmpDuxwpQpebble.o)
 .data          0x0000000000002790        0x0 /usr/local/Cellar/pebble-toolchain/2.0/arm-cs-tools/bin/../lib/gcc/arm-none-eabi/4.7.2/thumb2/crtend.o
 .data          0x0000000000002790        0x0 /usr/local/Cellar/pebble-toolchain/2.0/arm-cs-tools/bin/../lib/gcc/arm-none-eabi/4.7.2/thumb2/crtn.o
 *(.data.*)
 .data.rel.ro.local.images
                0x0000000000002790       0x28 src/pebble-faces.c.10.o

.igot.plt       0x00000000000027b8        0x0
 .igot.plt      0x0000000000000000        0x0 /usr/local/Cellar/pebble-toolchain/2.0/arm-cs-tools/bin/../lib/gcc/arm-none-eabi/4.7.2/thumb2/crtbegin.o

.bss            0x00000000000027b8       0x14
 *(.bss)
 *(.bss.*)
 .bss.bitmap_layer
                0x00000000000027b8        0x4 src/pebble-faces.c.10.o
 .bss.current_bmp
                0x00000000000027bc        0x4 src/pebble-faces.c.10.o
 .bss.text_layer
                0x00000000000027c0        0x4 src/pebble-faces.c.10.o
 .bss.image     0x00000000000027c4        0x4 src/pebble-faces.c.10.o
 .bss.window    0x00000000000027c8        0x4 src/pebble-faces.c.10.o

DISCARD
 libc.a(*)
 libm.a(*)
 libgcc.a(*)
 *(.eh_frame)
OUTPUT(/Users/sichunai/pebble-faces/build/aplite/pebble-app.elf elf32-littlearm)

.ARM.attributes
                0x0000000000000000       0x27
 .ARM.attributes
                0x0000000000000000       0x19 /usr/local/Cellar/pebble-toolchain/2.0/arm-cs-tools/bin/../lib/gcc/arm-none-eabi/4.7.2/thumb2/crti.o
 .ARM.attributes
                0x0000000000000019       0x29 /usr/local/Cellar/pebble-toolchain/2.0/arm-cs-tools/bin/../lib/gcc/arm-none-eabi/4.7.2/thumb2/crtbegin.o
 .ARM.attributes
                0x0000000000000042       0x33 src/netdownload.c.10.o
 .ARM.attributes
                0x0000000000000075       0x33 src/pebble-faces.c.10.o
 .ARM.attributes
                0x00000000000000a8       0x33 src/png.c.10.o
 .ARM.attributes
                0x00000000000000db       0x33 src/upng.c.10.o
 .ARM.attributes
                0x000000000000010e       0x33 aplite/appinfo.auto.c.10.o
 .ARM.attributes
                0x0000000000000141       0x21 /usr/local/Cellar/pebble-sdk/3.4/Pebble/aplite/lib/libpebble.a(tmpDuxwpQpebble.o)
 .ARM.attributes
                0x0000000000000162       0x29 /usr/local/Cellar/pebble-toolchain/2.0/arm-cs-tools/bin/../lib/gcc/arm-none-eabi/4.7.2/thumb2/crtend.o
 .ARM.attributes
                0x000000000000018b       0x19 /usr/local/Cellar/pebble-toolchain/2.0/arm-cs-tools/bin/../lib/gcc/arm-none-eabi/4.7.2/thumb2/crtn.o

.comment        0x0000000000000000       0x4e
 .comment       0x0000000000000000       0x4e /usr/local/Cellar/pebble-toolchain/2.0/arm-cs-tools/bin/../lib/gcc/arm-none-eabi/4.7.2/thumb2/crtbegin.o
                                         0x4f (size before relaxing)
 .comment       0x0000000000000000       0x4f src/netdownload.c.10.o
 .comment       0x0000000000000000       0x4f src/pebble-faces.c.10.o
 .comment       0x0000000000000000       0x4f src/png.c.10.o
 .comment       0x0000000000000000       0x4f src/upng.c.10.o
 .comment       0x0000000000000000       0x4f aplite/appinfo.auto.c.10.o
 .comment       0x0000000000000000       0x4f /usr/local/Cellar/pebble-toolchain/2.0/arm-cs-tools/bin/../lib/gcc/arm-none-eabi/4.7.2/thumb2/crtend.o

.debug_info     0x0000000000000000     0x3fd0
 .debug_info    0x0000000000000000      0xbe3 src/netdownload.c.10.o
 .debug_info    0x0000000000000be3      0xa95 src/pebble-faces.c.10.o
 .debug_info    0x0000000000001678      0x9f6 src/png.c.10.o
 .debug_info    0x000000000000206e     0x1c61 src/upng.c.10.o
 .debug_info    0x0000000000003ccf      0x301 aplite/appinfo.auto.c.10.o

.debug_abbrev   0x0000000000000000      0xd15
 .debug_abbrev  0x0000000000000000      0x2d1 src/netdownload.c.10.o
 .debug_abbrev  0x00000000000002d1      0x336 src/pebble-faces.c.10.o
 .debug_abbrev  0x0000000000000607      0x277 src/png.c.10.o
 .debug_abbrev  0x000000000000087e      0x3f9 src/upng.c.10.o
 .debug_abbrev  0x0000000000000c77       0x9e aplite/appinfo.auto.c.10.o

.debug_loc      0x0000000000000000     0x27cd
 .debug_loc     0x0000000000000000      0x5a4 src/netdownload.c.10.o
 .debug_loc     0x00000000000005a4      0x1a1 src/pebble-faces.c.10.o
 .debug_loc     0x0000000000000745      0x2e6 src/png.c.10.o
 .debug_loc     0x0000000000000a2b     0x1da2 src/upng.c.10.o

.debug_aranges  0x0000000000000000      0x1c8
 .debug_aranges
                0x0000000000000000       0x70 src/netdownload.c.10.o
 .debug_aranges
                0x0000000000000070       0x48 src/pebble-faces.c.10.o
 .debug_aranges
                0x00000000000000b8       0x30 src/png.c.10.o
 .debug_aranges
                0x00000000000000e8       0xc8 src/upng.c.10.o
 .debug_aranges
                0x00000000000001b0       0x18 aplite/appinfo.auto.c.10.o

.debug_ranges   0x0000000000000000      0x508
 .debug_ranges  0x0000000000000000       0x60 src/netdownload.c.10.o
 .debug_ranges  0x0000000000000060       0x68 src/pebble-faces.c.10.o
 .debug_ranges  0x00000000000000c8       0x38 src/png.c.10.o
 .debug_ranges  0x0000000000000100      0x408 src/upng.c.10.o

.debug_line     0x0000000000000000      0xef5
 .debug_line    0x0000000000000000      0x2c6 src/netdownload.c.10.o
 .debug_line    0x00000000000002c6      0x23d src/pebble-faces.c.10.o
 .debug_line    0x0000000000000503      0x223 src/png.c.10.o
 .debug_line    0x0000000000000726      0x6a2 src/upng.c.10.o
 .debug_line    0x0000000000000dc8      0x12d aplite/appinfo.auto.c.10.o

.debug_str      0x0000000000000000     0x13b9
 .debug_str     0x0000000000000000      0x6cb src/netdownload.c.10.o
                                        0x75e (size before relaxing)
 .debug_str     0x00000000000006cb      0x3c8 src/pebble-faces.c.10.o
                                        0x5e2 (size before relaxing)
 .debug_str     0x0000000000000a93      0x1f1 src/png.c.10.o
                                        0x416 (size before relaxing)
 .debug_str     0x0000000000000c84      0x5a0 src/upng.c.10.o
                                        0x845 (size before relaxing)
 .debug_str     0x0000000000001224      0x195 aplite/appinfo.auto.c.10.o
                                        0x27d (size before relaxing)

.debug_frame    0x0000000000000000      0x484
 .debug_frame   0x0000000000000000      0x124 src/netdownload.c.10.o
 .debug_frame   0x0000000000000124       0xb0 src/pebble-faces.c.10.o
 .debug_frame   0x00000000000001d4       0x7c src/png.c.10.o
 .debug_frame   0x0000000000000250      0x234 src/upng.c.10.o
